// Jest Snapshot v1, https://goo.gl/fbAQLP

exports[`MainImageAtom snapshot example 1`] = `
<img
  alt=""
  className="css-1cwfjrn-MainImageAtom"
  src="https://dummyimage.com/500x500/000000/fff"
/>
`;
