// Jest Snapshot v1, https://goo.gl/fbAQLP

exports[`MainImageAtom snapshot example 1`] = `
<img
  alt=""
  className="css-bbf2li-MainImageAtom"
  src="https://dummyimage.com/111x92/000000/fff"
/>
`;
